Archive member included to satisfy reference by file (symbol)

c:/nxp/mcuxpressoide_10.0.2_411/ide/tools/bin/../lib/gcc/arm-none-eabi/5.4.1/../../../../arm-none-eabi/lib/armv6-m\libc.a(lib_a-exit.o)
                              c:/nxp/mcuxpressoide_10.0.2_411/ide/tools/bin/../lib/gcc/arm-none-eabi/5.4.1/../../../../arm-none-eabi/lib/armv6-m/crt0.o (exit)
c:/nxp/mcuxpressoide_10.0.2_411/ide/tools/bin/../lib/gcc/arm-none-eabi/5.4.1/../../../../arm-none-eabi/lib/armv6-m\libc.a(lib_a-impure.o)
                              c:/nxp/mcuxpressoide_10.0.2_411/ide/tools/bin/../lib/gcc/arm-none-eabi/5.4.1/../../../../arm-none-eabi/lib/armv6-m\libc.a(lib_a-exit.o) (_global_impure_ptr)
c:/nxp/mcuxpressoide_10.0.2_411/ide/tools/bin/../lib/gcc/arm-none-eabi/5.4.1/../../../../arm-none-eabi/lib/armv6-m\libc.a(lib_a-init.o)
                              c:/nxp/mcuxpressoide_10.0.2_411/ide/tools/bin/../lib/gcc/arm-none-eabi/5.4.1/../../../../arm-none-eabi/lib/armv6-m/crt0.o (__libc_init_array)
c:/nxp/mcuxpressoide_10.0.2_411/ide/tools/bin/../lib/gcc/arm-none-eabi/5.4.1/../../../../arm-none-eabi/lib/armv6-m\libc.a(lib_a-memcpy-stub.o)
                              ./source/drivers/eeprom/Eeprom_Boot_AT45DB041E.o (memcpy)
c:/nxp/mcuxpressoide_10.0.2_411/ide/tools/bin/../lib/gcc/arm-none-eabi/5.4.1/../../../../arm-none-eabi/lib/armv6-m\libc.a(lib_a-memset.o)
                              c:/nxp/mcuxpressoide_10.0.2_411/ide/tools/bin/../lib/gcc/arm-none-eabi/5.4.1/../../../../arm-none-eabi/lib/armv6-m/crt0.o (memset)
c:/nxp/mcuxpressoide_10.0.2_411/ide/tools/bin/../lib/gcc/arm-none-eabi/5.4.1/../../../../arm-none-eabi/lib/armv6-m\libc.a(lib_a-__call_atexit.o)
                              c:/nxp/mcuxpressoide_10.0.2_411/ide/tools/bin/../lib/gcc/arm-none-eabi/5.4.1/../../../../arm-none-eabi/lib/armv6-m\libc.a(lib_a-exit.o) (__call_exitprocs)
c:/nxp/mcuxpressoide_10.0.2_411/ide/tools/bin/../lib/gcc/arm-none-eabi/5.4.1/../../../../arm-none-eabi/lib/armv6-m\libc.a(lib_a-atexit.o)
                              c:/nxp/mcuxpressoide_10.0.2_411/ide/tools/bin/../lib/gcc/arm-none-eabi/5.4.1/../../../../arm-none-eabi/lib/armv6-m\libc.a(lib_a-__call_atexit.o) (atexit)
c:/nxp/mcuxpressoide_10.0.2_411/ide/tools/bin/../lib/gcc/arm-none-eabi/5.4.1/../../../../arm-none-eabi/lib/armv6-m\libc.a(lib_a-fini.o)
                              c:/nxp/mcuxpressoide_10.0.2_411/ide/tools/bin/../lib/gcc/arm-none-eabi/5.4.1/../../../../arm-none-eabi/lib/armv6-m\libc.a(lib_a-__call_atexit.o) (__libc_fini_array)
c:/nxp/mcuxpressoide_10.0.2_411/ide/tools/bin/../lib/gcc/arm-none-eabi/5.4.1/../../../../arm-none-eabi/lib/armv6-m\libc.a(lib_a-__atexit.o)
                              c:/nxp/mcuxpressoide_10.0.2_411/ide/tools/bin/../lib/gcc/arm-none-eabi/5.4.1/../../../../arm-none-eabi/lib/armv6-m\libc.a(lib_a-atexit.o) (__register_exitproc)
c:/nxp/mcuxpressoide_10.0.2_411/ide/tools/bin/../lib/gcc/arm-none-eabi/5.4.1/armv6-m\libgcc.a(_udivsi3.o)
                              ./drivers/fsl_clock.o (__aeabi_uidiv)
c:/nxp/mcuxpressoide_10.0.2_411/ide/tools/bin/../lib/gcc/arm-none-eabi/5.4.1/armv6-m\libgcc.a(_dvmd_tls.o)
                              c:/nxp/mcuxpressoide_10.0.2_411/ide/tools/bin/../lib/gcc/arm-none-eabi/5.4.1/armv6-m\libgcc.a(_udivsi3.o) (__aeabi_idiv0)
c:/nxp/mcuxpressoide_10.0.2_411/ide/tools/bin/../lib/gcc/arm-none-eabi/5.4.1/armv6-m\libgcc.a(_aeabi_uldivmod.o)
                              ./source/drivers/timer/timer.o (__aeabi_uldivmod)
c:/nxp/mcuxpressoide_10.0.2_411/ide/tools/bin/../lib/gcc/arm-none-eabi/5.4.1/armv6-m\libgcc.a(_muldi3.o)
                              ./source/drivers/timer/timer.o (__aeabi_lmul)
c:/nxp/mcuxpressoide_10.0.2_411/ide/tools/bin/../lib/gcc/arm-none-eabi/5.4.1/armv6-m\libgcc.a(_udivmoddi4.o)
                              c:/nxp/mcuxpressoide_10.0.2_411/ide/tools/bin/../lib/gcc/arm-none-eabi/5.4.1/armv6-m\libgcc.a(_aeabi_uldivmod.o) (__udivmoddi4)
c:/nxp/mcuxpressoide_10.0.2_411/ide/tools/bin/../lib/gcc/arm-none-eabi/5.4.1/armv6-m\libgcc.a(_clzdi2.o)
                              c:/nxp/mcuxpressoide_10.0.2_411/ide/tools/bin/../lib/gcc/arm-none-eabi/5.4.1/armv6-m\libgcc.a(_udivmoddi4.o) (__clzdi2)
c:/nxp/mcuxpressoide_10.0.2_411/ide/tools/bin/../lib/gcc/arm-none-eabi/5.4.1/armv6-m\libgcc.a(_clzsi2.o)
                              c:/nxp/mcuxpressoide_10.0.2_411/ide/tools/bin/../lib/gcc/arm-none-eabi/5.4.1/armv6-m\libgcc.a(_clzdi2.o) (__clzsi2)
c:/nxp/mcuxpressoide_10.0.2_411/ide/tools/bin/../lib/gcc/arm-none-eabi/5.4.1/../../../../arm-none-eabi/lib/armv6-m\libnosys.a(_exit.o)
                              c:/nxp/mcuxpressoide_10.0.2_411/ide/tools/bin/../lib/gcc/arm-none-eabi/5.4.1/../../../../arm-none-eabi/lib/armv6-m\libc.a(lib_a-exit.o) (_exit)

Discarded input sections

 .text          0x00000000        0x0 c:/nxp/mcuxpressoide_10.0.2_411/ide/tools/bin/../lib/gcc/arm-none-eabi/5.4.1/armv6-m/crti.o
 .data          0x00000000        0x0 c:/nxp/mcuxpressoide_10.0.2_411/ide/tools/bin/../lib/gcc/arm-none-eabi/5.4.1/armv6-m/crti.o
 .bss           0x00000000        0x0 c:/nxp/mcuxpressoide_10.0.2_411/ide/tools/bin/../lib/gcc/arm-none-eabi/5.4.1/armv6-m/crti.o
 .data          0x00000000        0x4 c:/nxp/mcuxpressoide_10.0.2_411/ide/tools/bin/../lib/gcc/arm-none-eabi/5.4.1/armv6-m/crtbegin.o
 .text          0x00000000       0x78 c:/nxp/mcuxpressoide_10.0.2_411/ide/tools/bin/../lib/gcc/arm-none-eabi/5.4.1/../../../../arm-none-eabi/lib/armv6-m/crt0.o
 .data          0x00000000        0x0 c:/nxp/mcuxpressoide_10.0.2_411/ide/tools/bin/../lib/gcc/arm-none-eabi/5.4.1/../../../../arm-none-eabi/lib/armv6-m/crt0.o
 .bss           0x00000000        0x0 c:/nxp/mcuxpressoide_10.0.2_411/ide/tools/bin/../lib/gcc/arm-none-eabi/5.4.1/../../../../arm-none-eabi/lib/armv6-m/crt0.o
 .ARM.extab     0x00000000        0x0 c:/nxp/mcuxpressoide_10.0.2_411/ide/tools/bin/../lib/gcc/arm-none-eabi/5.4.1/../../../../arm-none-eabi/lib/armv6-m/crt0.o
 .ARM.exidx     0x00000000        0x8 c:/nxp/mcuxpressoide_10.0.2_411/ide/tools/bin/../lib/gcc/arm-none-eabi/5.4.1/../../../../arm-none-eabi/lib/armv6-m/crt0.o
 .ARM.attributes
                0x00000000       0x1b c:/nxp/mcuxpressoide_10.0.2_411/ide/tools/bin/../lib/gcc/arm-none-eabi/5.4.1/../../../../arm-none-eabi/lib/armv6-m/crt0.o
 .text          0x00000000        0x0 ./utilities/fsl_debug_console.o
 .data          0x00000000        0x0 ./utilities/fsl_debug_console.o
 .bss           0x00000000        0x0 ./utilities/fsl_debug_console.o
 .text.LPUART_EnableTx
                0x00000000       0x40 ./utilities/fsl_debug_console.o
 .text.LPUART_EnableRx
                0x00000000       0x40 ./utilities/fsl_debug_console.o
 .bss.s_debugConsole
                0x00000000       0x10 ./utilities/fsl_debug_console.o
 .text.DbgConsole_Init
                0x00000000       0x94 ./utilities/fsl_debug_console.o
 .text.DbgConsole_Deinit
                0x00000000       0x4c ./utilities/fsl_debug_console.o
 .text.__sys_write
                0x00000000       0x58 ./utilities/fsl_debug_console.o
 .text.__sys_readc
                0x00000000       0x34 ./utilities/fsl_debug_console.o
 .debug_info    0x00000000      0x667 ./utilities/fsl_debug_console.o
 .debug_abbrev  0x00000000      0x1ad ./utilities/fsl_debug_console.o
 .debug_aranges
                0x00000000       0x48 ./utilities/fsl_debug_console.o
 .debug_ranges  0x00000000       0x38 ./utilities/fsl_debug_console.o
 .debug_line    0x00000000      0x217 ./utilities/fsl_debug_console.o
 .debug_str     0x00000000      0x9e0 ./utilities/fsl_debug_console.o
 .comment       0x00000000       0x6f ./utilities/fsl_debug_console.o
 .debug_frame   0x00000000       0xcc ./utilities/fsl_debug_console.o
 .ARM.attributes
                0x00000000       0x32 ./utilities/fsl_debug_console.o
 .text          0x00000000        0x0 ./source/drivers/uart/UART.o
 .data          0x00000000        0x0 ./source/drivers/uart/UART.o
 .bss           0x00000000        0x0 ./source/drivers/uart/UART.o
 .bss.mUartIn   0x00000000        0x1 ./source/drivers/uart/UART.o
 .bss.mUartOut  0x00000000        0x1 ./source/drivers/uart/UART.o
 .bss.mUartRxBuffer
                0x00000000      0x100 ./source/drivers/uart/UART.o
 .bss.mUartCallbackParam
                0x00000000        0x4 ./source/drivers/uart/UART.o
 .bss.mUartCallback
                0x00000000        0x4 ./source/drivers/uart/UART.o
 .text.uart_init
                0x00000000       0xc0 ./source/drivers/uart/UART.o
 .text.uart_read
                0x00000000       0x74 ./source/drivers/uart/UART.o
 .text.uart_sync_write
                0x00000000       0x48 ./source/drivers/uart/UART.o
 .text.uart_isr
                0x00000000       0x74 ./source/drivers/uart/UART.o
 .debug_info    0x00000000      0x581 ./source/drivers/uart/UART.o
 .debug_abbrev  0x00000000      0x183 ./source/drivers/uart/UART.o
 .debug_aranges
                0x00000000       0x38 ./source/drivers/uart/UART.o
 .debug_ranges  0x00000000       0x28 ./source/drivers/uart/UART.o
 .debug_line    0x00000000      0x136 ./source/drivers/uart/UART.o
 .debug_str     0x00000000      0x516 ./source/drivers/uart/UART.o
 .comment       0x00000000       0x6f ./source/drivers/uart/UART.o
 .debug_frame   0x00000000       0x8c ./source/drivers/uart/UART.o
 .ARM.attributes
                0x00000000       0x32 ./source/drivers/uart/UART.o
 .text          0x00000000        0x0 ./source/drivers/timer/timer.o
 .data          0x00000000        0x0 ./source/drivers/timer/timer.o
 .bss           0x00000000        0x0 ./source/drivers/timer/timer.o
 .bss.cycle_counter
                0x00000000        0x2 ./source/drivers/timer/timer.o
 .text.StartTimer
                0x00000000       0x34 ./source/drivers/timer/timer.o
 .text.StopTimer
                0x00000000       0x1c ./source/drivers/timer/timer.o
 .text.GetElapsedTime
                0x00000000       0x70 ./source/drivers/timer/timer.o
 .text.SysTickHandler
                0x00000000       0x1c ./source/drivers/timer/timer.o
 .debug_info    0x00000000      0x142 ./source/drivers/timer/timer.o
 .debug_abbrev  0x00000000       0xea ./source/drivers/timer/timer.o
 .debug_aranges
                0x00000000       0x38 ./source/drivers/timer/timer.o
 .debug_ranges  0x00000000       0x28 ./source/drivers/timer/timer.o
 .debug_line    0x00000000      0x10c ./source/drivers/timer/timer.o
 .debug_str     0x00000000      0x213 ./source/drivers/timer/timer.o
 .comment       0x00000000       0x6f ./source/drivers/timer/timer.o
 .debug_frame   0x00000000       0x84 ./source/drivers/timer/timer.o
 .ARM.attributes
                0x00000000       0x32 ./source/drivers/timer/timer.o
 .text          0x00000000        0x0 ./source/drivers/spi/SPI.o
 .data          0x00000000        0x0 ./source/drivers/spi/SPI.o
 .bss           0x00000000        0x0 ./source/drivers/spi/SPI.o
 .bss.mSpiRxBuffer
                0x00000000      0x834 ./source/drivers/spi/SPI.o
 .bss.mSpiIn    0x00000000        0x4 ./source/drivers/spi/SPI.o
 .bss.mSpiOut   0x00000000        0x4 ./source/drivers/spi/SPI.o
 .bss.pSpiTxData
                0x00000000        0x4 ./source/drivers/spi/SPI.o
 .bss.mSpiTxLen
                0x00000000        0x4 ./source/drivers/spi/SPI.o
 .bss.mSpiTRxLen
                0x00000000        0x4 ./source/drivers/spi/SPI.o
 .bss.mSpiCallbackParam
                0x00000000        0x4 ./source/drivers/spi/SPI.o
 .bss.mSpiCallback
                0x00000000        0x4 ./source/drivers/spi/SPI.o
 .text.spi_slave_init
                0x00000000      0x198 ./source/drivers/spi/SPI.o
 .text.spi_slave_read
                0x00000000       0x84 ./source/drivers/spi/SPI.o
 .text.spi_slave_sync_write
                0x00000000       0xb0 ./source/drivers/spi/SPI.o
 .text.spi_slave_isr
                0x00000000       0xec ./source/drivers/spi/SPI.o
 .text          0x00000000        0x0 ./source/drivers/flash/flash_boot_kinetis.o
 .data          0x00000000        0x0 ./source/drivers/flash/flash_boot_kinetis.o
 .bss           0x00000000        0x0 ./source/drivers/flash/flash_boot_kinetis.o
 .bss.pCommandArray
                0x00000000        0xc ./source/drivers/flash/flash_boot_kinetis.o
 .text.FLASH_Boot_ProgramLongWords
                0x00000000       0xd0 ./source/drivers/flash/flash_boot_kinetis.o
 .text.FLASH_Boot_ProgramLongWord
                0x00000000       0x30 ./source/drivers/flash/flash_boot_kinetis.o
 .text.FLASH_Boot_ProgramSection
                0x00000000       0xd8 ./source/drivers/flash/flash_boot_kinetis.o
 .text.FLASH_Boot_ProgramPreloadedSection
                0x00000000       0xbc ./source/drivers/flash/flash_boot_kinetis.o
 .text.FLASH_Boot_ProgramSectionPhrases
                0x00000000      0x120 ./source/drivers/flash/flash_boot_kinetis.o
 .text.FLASH_Boot_ProgramByte
                0x00000000       0x38 ./source/drivers/flash/flash_boot_kinetis.o
 .text.FLASH_Boot_MassErase
                0x00000000       0x1c ./source/drivers/flash/flash_boot_kinetis.o
 .text.FLASH_Boot_SetEEEEnable
                0x00000000       0x30 ./source/drivers/flash/flash_boot_kinetis.o
 .text.FLASH_Boot_VerifyBackdoorKey
                0x00000000       0x68 ./source/drivers/flash/flash_boot_kinetis.o
 .text          0x00000000        0x0 ./source/drivers/eeprom/Eeprom_Boot_AT45DB041E.o
 .data          0x00000000        0x0 ./source/drivers/eeprom/Eeprom_Boot_AT45DB041E.o
 .bss           0x00000000        0x0 ./source/drivers/eeprom/Eeprom_Boot_AT45DB041E.o
 .text.EEPROM_ChipErase
                0x00000000       0x5c ./source/drivers/eeprom/Eeprom_Boot_AT45DB041E.o
 .text.EEPROM_EraseBlock
                0x00000000       0x98 ./source/drivers/eeprom/Eeprom_Boot_AT45DB041E.o
 .text          0x00000000        0x0 ./source/drivers/eeprom/Eeprom_Boot_AT45DB081E.o
 .data          0x00000000        0x0 ./source/drivers/eeprom/Eeprom_Boot_AT45DB081E.o
 .bss           0x00000000        0x0 ./source/drivers/eeprom/Eeprom_Boot_AT45DB081E.o
 .debug_info    0x00000000       0x72 ./source/drivers/eeprom/Eeprom_Boot_AT45DB081E.o
 .debug_abbrev  0x00000000       0x26 ./source/drivers/eeprom/Eeprom_Boot_AT45DB081E.o
 .debug_aranges
                0x00000000       0x18 ./source/drivers/eeprom/Eeprom_Boot_AT45DB081E.o
 .debug_line    0x00000000       0x1d ./source/drivers/eeprom/Eeprom_Boot_AT45DB081E.o
 .debug_str     0x00000000      0x1b5 ./source/drivers/eeprom/Eeprom_Boot_AT45DB081E.o
 .comment       0x00000000       0x6f ./source/drivers/eeprom/Eeprom_Boot_AT45DB081E.o
 .ARM.attributes
                0x00000000       0x32 ./source/drivers/eeprom/Eeprom_Boot_AT45DB081E.o
 .text          0x00000000        0x0 ./source/FsciBootloader.o
 .data          0x00000000        0x0 ./source/FsciBootloader.o
 .bss           0x00000000        0x0 ./source/FsciBootloader.o
 .debug_info    0x00000000       0x72 ./source/FsciBootloader.o
 .debug_abbrev  0x00000000       0x26 ./source/FsciBootloader.o
 .debug_aranges
                0x00000000       0x18 ./source/FsciBootloader.o
 .debug_line    0x00000000       0x1d ./source/FsciBootloader.o
 .debug_str     0x00000000      0x19e ./source/FsciBootloader.o
 .comment       0x00000000       0x6f ./source/FsciBootloader.o
 .ARM.attributes
                0x00000000       0x32 ./source/FsciBootloader.o
 .text          0x00000000        0x0 ./source/OtapBootloader.o
 .data          0x00000000        0x0 ./source/OtapBootloader.o
 .bss           0x00000000        0x0 ./source/OtapBootloader.o
 .text          0x00000000        0x0 ./source/main.o
 .data          0x00000000        0x0 ./source/main.o
 .bss           0x00000000        0x0 ./source/main.o
 .text.NVIC_EnableIRQ
                0x00000000       0x2c ./source/main.o
 .text.NVIC_ClearPendingIRQ
                0x00000000       0x30 ./source/main.o
 .ramvectortable
                0x00000000       0xc0 ./source/main.o
 .text.EnableRamVectorTable
                0x00000000       0x64 ./source/main.o
 .text.InstallIrqHandler
                0x00000000       0x44 ./source/main.o
 .text          0x00000000        0x0 ./source/mtb.o
 .data          0x00000000        0x0 ./source/mtb.o
 .bss           0x00000000        0x0 ./source/mtb.o
 .mtb.$RAM1     0x00000000       0x80 ./source/mtb.o
 .debug_info    0x00000000       0x4d ./source/mtb.o
 .debug_abbrev  0x00000000       0x3e ./source/mtb.o
 .debug_aranges
                0x00000000       0x18 ./source/mtb.o
 .debug_line    0x00000000       0x30 ./source/mtb.o
 .debug_str     0x00000000      0x11c ./source/mtb.o
 .comment       0x00000000       0x6f ./source/mtb.o
 .ARM.attributes
                0x00000000       0x32 ./source/mtb.o
 .text          0x00000000        0x0 ./drivers/fsl_clock.o
 .data          0x00000000        0x0 ./drivers/fsl_clock.o
 .bss           0x00000000        0x0 ./drivers/fsl_clock.o
 .text.CLOCK_SetEr32kClock
                0x00000000       0x30 ./drivers/fsl_clock.o
 .data.s_slowIrcFreq
                0x00000000        0x4 ./drivers/fsl_clock.o
 .data.s_fastIrcFreq
                0x00000000        0x4 ./drivers/fsl_clock.o
 .bss.g_xtal0Freq
                0x00000000        0x4 ./drivers/fsl_clock.o
 .bss.g_xtal32Freq
                0x00000000        0x4 ./drivers/fsl_clock.o
 .text.CLOCK_FllStableDelay
                0x00000000       0x24 ./drivers/fsl_clock.o
 .text.CLOCK_GetMcgExtClkFreq
                0x00000000       0x48 ./drivers/fsl_clock.o
 .text.CLOCK_GetFllExtRefClkFreq
                0x00000000       0xb8 ./drivers/fsl_clock.o
 .text.CLOCK_GetInternalRefClkSelectFreq
                0x00000000       0x40 ./drivers/fsl_clock.o
 .text.CLOCK_GetFllRefClkFreq
                0x00000000       0x30 ./drivers/fsl_clock.o
 .text.CLOCK_GetOscRangeFromFreq
                0x00000000       0x4c ./drivers/fsl_clock.o
 .text.CLOCK_GetEr32kClkFreq
                0x00000000       0x48 ./drivers/fsl_clock.o
 .text.CLOCK_GetOsc0ErClkFreq
                0x00000000       0x14 ./drivers/fsl_clock.o
 .text.CLOCK_GetPlatClkFreq
                0x00000000       0x2c ./drivers/fsl_clock.o
 .text.CLOCK_GetFlashClkFreq
                0x00000000       0x50 ./drivers/fsl_clock.o
 .text.CLOCK_GetBusClkFreq
                0x00000000       0x50 ./drivers/fsl_clock.o
 .text.CLOCK_GetCoreSysClkFreq
                0x00000000       0x2c ./drivers/fsl_clock.o
 .text.CLOCK_GetFreq
                0x00000000       0xc4 ./drivers/fsl_clock.o
 .rodata.CLOCK_GetFreq
                0x00000000       0x24 ./drivers/fsl_clock.o
 .text.CLOCK_SetSimConfig
                0x00000000       0x2c ./drivers/fsl_clock.o
 .text.CLOCK_GetOutClkFreq
                0x00000000       0x58 ./drivers/fsl_clock.o
 .text.CLOCK_GetFllFreq
                0x00000000       0x78 ./drivers/fsl_clock.o
 .text.CLOCK_GetInternalRefClkFreq
                0x00000000       0x28 ./drivers/fsl_clock.o
 .text.CLOCK_GetFixedFreqClkFreq
                0x00000000       0x30 ./drivers/fsl_clock.o
 .text.CLOCK_SetExternalRefClkConfig
                0x00000000       0x80 ./drivers/fsl_clock.o
 .text.CLOCK_SetInternalRefClkConfig
                0x00000000      0x12c ./drivers/fsl_clock.o
 .text.CLOCK_SetOsc0MonitorMode
                0x00000000       0x80 ./drivers/fsl_clock.o
 .text.CLOCK_SetRtcOscMonitorMode
                0x00000000       0x70 ./drivers/fsl_clock.o
 .text.CLOCK_GetStatusFlags
                0x00000000       0x30 ./drivers/fsl_clock.o
 .text.CLOCK_ClearStatusFlags
                0x00000000       0x30 ./drivers/fsl_clock.o
 .text.CLOCK_InitOsc0
                0x00000000       0x6c ./drivers/fsl_clock.o
 .text.CLOCK_DeinitOsc0
                0x00000000       0x20 ./drivers/fsl_clock.o
 .text.CLOCK_TrimInternalRefClk
                0x00000000      0x170 ./drivers/fsl_clock.o
 .text.CLOCK_GetMode
                0x00000000       0xac ./drivers/fsl_clock.o
 .text.CLOCK_SetFeiMode
                0x00000000       0xe4 ./drivers/fsl_clock.o
 .text.CLOCK_SetFeeMode
                0x00000000      0x144 ./drivers/fsl_clock.o
 .text.CLOCK_SetFbiMode
                0x00000000       0xf8 ./drivers/fsl_clock.o
 .text.CLOCK_SetFbeMode
                0x00000000      0x144 ./drivers/fsl_clock.o
 .text.CLOCK_SetBlpiMode
                0x00000000       0x20 ./drivers/fsl_clock.o
 .text.CLOCK_SetBlpeMode
                0x00000000       0x20 ./drivers/fsl_clock.o
 .text.CLOCK_ExternalModeToFbeModeQuick
                0x00000000       0x4c ./drivers/fsl_clock.o
 .text.CLOCK_InternalModeToFbiModeQuick
                0x00000000       0x4c ./drivers/fsl_clock.o
 .text.CLOCK_BootToFeiMode
                0x00000000       0x30 ./drivers/fsl_clock.o
 .text.CLOCK_BootToFeeMode
                0x00000000       0x50 ./drivers/fsl_clock.o
 .text.CLOCK_BootToBlpiMode
                0x00000000       0x78 ./drivers/fsl_clock.o
 .text.CLOCK_BootToBlpeMode
                0x00000000       0x8c ./drivers/fsl_clock.o
 .rodata.mcgModeMatrix
                0x00000000       0x24 ./drivers/fsl_clock.o
 .text.CLOCK_SetMcgConfig
                0x00000000      0x174 ./drivers/fsl_clock.o
 .rodata.CLOCK_SetMcgConfig
                0x00000000       0x18 ./drivers/fsl_clock.o
 .rodata.fllFactorTable.5676
                0x00000000       0x10 ./drivers/fsl_clock.o
 .rodata.trimRange.5743
                0x00000000       0x10 ./drivers/fsl_clock.o
 .debug_info    0x00000000     0x131b ./drivers/fsl_clock.o
 .debug_abbrev  0x00000000      0x307 ./drivers/fsl_clock.o
 .debug_aranges
                0x00000000      0x168 ./drivers/fsl_clock.o
 .debug_ranges  0x00000000      0x158 ./drivers/fsl_clock.o
 .debug_line    0x00000000      0x640 ./drivers/fsl_clock.o
 .debug_str     0x00000000     0x1265 ./drivers/fsl_clock.o
 .comment       0x00000000       0x6f ./drivers/fsl_clock.o
 .debug_frame   0x00000000      0x528 ./drivers/fsl_clock.o
 .ARM.attributes
                0x00000000       0x32 ./drivers/fsl_clock.o
 .text          0x00000000        0x0 ./drivers/fsl_common.o
 .data          0x00000000        0x0 ./drivers/fsl_common.o
 .bss           0x00000000        0x0 ./drivers/fsl_common.o
 .text.DisableGlobalIRQ
                0x00000000       0x1c ./drivers/fsl_common.o
 .text.EnableGlobalIRQ
                0x00000000       0x1c ./drivers/fsl_common.o
 .text.InstallIRQHandler
                0x00000000       0x98 ./drivers/fsl_common.o
 .debug_info    0x00000000      0x3db ./drivers/fsl_common.o
 .debug_abbrev  0x00000000      0x207 ./drivers/fsl_common.o
 .debug_aranges
                0x00000000       0x30 ./drivers/fsl_common.o
 .debug_ranges  0x00000000       0x20 ./drivers/fsl_common.o
 .debug_line    0x00000000      0x168 ./drivers/fsl_common.o
 .debug_str     0x00000000      0x49f ./drivers/fsl_common.o
 .comment       0x00000000       0x6f ./drivers/fsl_common.o
 .debug_frame   0x00000000       0x70 ./drivers/fsl_common.o
 .ARM.attributes
                0x00000000       0x32 ./drivers/fsl_common.o
 .text          0x00000000        0x0 ./drivers/fsl_flash.o
 .data          0x00000000        0x0 ./drivers/fsl_flash.o
 .bss           0x00000000        0x0 ./drivers/fsl_flash.o
 .rodata.kFCCOBx
                0x00000000        0x4 ./drivers/fsl_flash.o
 .rodata.kFPROTL
                0x00000000        0x4 ./drivers/fsl_flash.o
 .bss.callFlashRunCommand
                0x00000000        0x4 ./drivers/fsl_flash.o
 .bss.callFlashCommonBitOperation
                0x00000000        0x4 ./drivers/fsl_flash.o
 .rodata.s_flashRunCommandFunctionCode
                0x00000000        0xc ./drivers/fsl_flash.o
 .rodata.s_flashCommonBitOperationFunctionCode
                0x00000000       0x1c ./drivers/fsl_flash.o
 .bss.s_flashRunCommand
                0x00000000       0x40 ./drivers/fsl_flash.o
 .bss.s_flashCommonBitOperation
                0x00000000       0x40 ./drivers/fsl_flash.o
 .bss.s_flashExecuteInRamFunctionInfo
                0x00000000        0xc ./drivers/fsl_flash.o
 .rodata.kPFlashDensities
                0x00000000       0x1e ./drivers/fsl_flash.o
 .text.FLASH_Init
                0x00000000       0xec ./drivers/fsl_flash.o
 .text.FLASH_SetCallback
                0x00000000       0x24 ./drivers/fsl_flash.o
 .text.FLASH_PrepareExecuteInRamFunctions
                0x00000000       0x3c ./drivers/fsl_flash.o
 .text.FLASH_EraseAll
                0x00000000       0x60 ./drivers/fsl_flash.o
 .text.FLASH_Erase
                0x00000000       0xf8 ./drivers/fsl_flash.o
 .text.FLASH_EraseAllUnsecure
                0x00000000       0x60 ./drivers/fsl_flash.o
 .text.FLASH_EraseAllExecuteOnlySegments
                0x00000000       0x60 ./drivers/fsl_flash.o
 .text.FLASH_Program
                0x00000000      0x104 ./drivers/fsl_flash.o
 .text.FLASH_ProgramOnce
                0x00000000       0x8c ./drivers/fsl_flash.o
 .text.FLASH_ReadResource
                0x00000000      0x100 ./drivers/fsl_flash.o
 .text.FLASH_ReadOnce
                0x00000000       0x80 ./drivers/fsl_flash.o
 .text.FLASH_GetSecurityState
                0x00000000       0x64 ./drivers/fsl_flash.o
 .text.FLASH_SecurityBypass
                0x00000000       0xb0 ./drivers/fsl_flash.o
 .text.FLASH_VerifyEraseAll
                0x00000000       0x40 ./drivers/fsl_flash.o
 .text.FLASH_VerifyErase
                0x00000000      0x110 ./drivers/fsl_flash.o
 .text.FLASH_VerifyProgram
                0x00000000       0xec ./drivers/fsl_flash.o
 .text.FLASH_VerifyEraseAllExecuteOnlySegments
                0x00000000       0x40 ./drivers/fsl_flash.o
 .text.FLASH_IsProtected
                0x00000000      0x2bc ./drivers/fsl_flash.o
 .text.FLASH_IsExecuteOnly
                0x00000000      0x144 ./drivers/fsl_flash.o
 .text.FLASH_GetProperty
                0x00000000       0xb0 ./drivers/fsl_flash.o
 .rodata.FLASH_GetProperty
                0x00000000       0x28 ./drivers/fsl_flash.o
 .text.FLASH_SetProperty
                0x00000000       0x64 ./drivers/fsl_flash.o
 .text.FLASH_PflashSetProtection
                0x00000000       0x3c ./drivers/fsl_flash.o
 .text.FLASH_PflashGetProtection
                0x00000000       0x30 ./drivers/fsl_flash.o
 .text.FLASH_PflashSetPrefetchSpeculation
                0x00000000       0x78 ./drivers/fsl_flash.o
 .text.FLASH_PflashGetPrefetchSpeculation
                0x00000000       0x5c ./drivers/fsl_flash.o
 .text.copy_flash_run_command
                0x00000000       0x30 ./drivers/fsl_flash.o
 .text.flash_command_sequence
                0x00000000       0x7c ./drivers/fsl_flash.o
 .text.copy_flash_common_bit_operation
                0x00000000       0x3c ./drivers/fsl_flash.o
 .text.mcm_flash_cache_clear
                0x00000000       0x2c ./drivers/fsl_flash.o
 .text.flash_cache_clear
                0x00000000       0x1c ./drivers/fsl_flash.o
 .text.flash_cache_clear_process
                0x00000000       0x3c ./drivers/fsl_flash.o
 .text.flash_check_execute_in_ram_function_info
                0x00000000       0x38 ./drivers/fsl_flash.o
 .text.flash_check_range
                0x00000000       0x5c ./drivers/fsl_flash.o
 .text.flash_get_matched_operation_info
                0x00000000       0x78 ./drivers/fsl_flash.o
 .text.flash_check_user_key
                0x00000000       0x24 ./drivers/fsl_flash.o
 .text.flash_check_resource_range
                0x00000000       0x90 ./drivers/fsl_flash.o
 .text.flash_get_protection_info
                0x00000000       0x68 ./drivers/fsl_flash.o
 .text.flash_get_access_info
                0x00000000       0x44 ./drivers/fsl_flash.o
 .debug_info    0x00000000     0x1ba0 ./drivers/fsl_flash.o
 .debug_abbrev  0x00000000      0x239 ./drivers/fsl_flash.o
 .debug_aranges
                0x00000000      0x148 ./drivers/fsl_flash.o
 .debug_ranges  0x00000000      0x150 ./drivers/fsl_flash.o
 .debug_line    0x00000000      0x65d ./drivers/fsl_flash.o
 .debug_str     0x00000000     0x1fa5 ./drivers/fsl_flash.o
 .comment       0x00000000       0x6f ./drivers/fsl_flash.o
 .debug_frame   0x00000000      0x4d0 ./drivers/fsl_flash.o
 .ARM.attributes
                0x00000000       0x32 ./drivers/fsl_flash.o
 .text          0x00000000        0x0 ./drivers/fsl_lpuart.o
 .data          0x00000000        0x0 ./drivers/fsl_lpuart.o
 .bss           0x00000000        0x0 ./drivers/fsl_lpuart.o
 .text.NVIC_EnableIRQ
                0x00000000       0x2c ./drivers/fsl_lpuart.o
 .text.CLOCK_EnableClock
                0x00000000       0x38 ./drivers/fsl_lpuart.o
 .text.CLOCK_DisableClock
                0x00000000       0x38 ./drivers/fsl_lpuart.o
 .text.EnableIRQ
                0x00000000       0x2c ./drivers/fsl_lpuart.o
 .bss.s_lpuartHandle
                0x00000000        0x4 ./drivers/fsl_lpuart.o
 .rodata.s_lpuartBases
                0x00000000        0x4 ./drivers/fsl_lpuart.o
 .rodata.s_lpuartIRQ
                0x00000000        0x1 ./drivers/fsl_lpuart.o
 .rodata.s_lpuartClock
                0x00000000        0x4 ./drivers/fsl_lpuart.o
 .bss.s_lpuartIsr
                0x00000000        0x4 ./drivers/fsl_lpuart.o
 .text.LPUART_GetInstance
                0x00000000       0x34 ./drivers/fsl_lpuart.o
 .text.LPUART_TransferGetRxRingBufferLength
                0x00000000       0x50 ./drivers/fsl_lpuart.o
 .text.LPUART_TransferIsRxRingBufferFull
                0x00000000       0x44 ./drivers/fsl_lpuart.o
 .text.LPUART_WriteNonBlocking
                0x00000000       0x38 ./drivers/fsl_lpuart.o
 .text.LPUART_ReadNonBlocking
                0x00000000       0x38 ./drivers/fsl_lpuart.o
 .text.LPUART_Init
                0x00000000      0x268 ./drivers/fsl_lpuart.o
 .text.LPUART_Deinit
                0x00000000       0x64 ./drivers/fsl_lpuart.o
 .text.LPUART_GetDefaultConfig
                0x00000000       0x3c ./drivers/fsl_lpuart.o
 .text.LPUART_SetBaudRate
                0x00000000      0x180 ./drivers/fsl_lpuart.o
 .text.LPUART_EnableInterrupts
                0x00000000       0x3c ./drivers/fsl_lpuart.o
 .text.LPUART_DisableInterrupts
                0x00000000       0x40 ./drivers/fsl_lpuart.o
 .text.LPUART_GetEnabledInterrupts
                0x00000000       0x34 ./drivers/fsl_lpuart.o
 .text.LPUART_GetStatusFlags
                0x00000000       0x18 ./drivers/fsl_lpuart.o
 .text.LPUART_ClearStatusFlags
                0x00000000       0x88 ./drivers/fsl_lpuart.o
 .text.LPUART_WriteBlocking
                0x00000000       0x3c ./drivers/fsl_lpuart.o
 .text.LPUART_ReadBlocking
                0x00000000       0xc8 ./drivers/fsl_lpuart.o
 .text.LPUART_TransferCreateHandle
                0x00000000       0x70 ./drivers/fsl_lpuart.o
 .text.LPUART_TransferStartRingBuffer
                0x00000000       0x3c ./drivers/fsl_lpuart.o
 .text.LPUART_TransferStopRingBuffer
                0x00000000       0x44 ./drivers/fsl_lpuart.o
 .text.LPUART_TransferSendNonBlocking
                0x00000000       0x60 ./drivers/fsl_lpuart.o
 .text.LPUART_TransferAbortSend
                0x00000000       0x30 ./drivers/fsl_lpuart.o
 .text.LPUART_TransferGetSendCount
                0x00000000       0x34 ./drivers/fsl_lpuart.o
 .text.LPUART_TransferReceiveNonBlocking
                0x00000000      0x16c ./drivers/fsl_lpuart.o
 .text.LPUART_TransferAbortReceive
                0x00000000       0x38 ./drivers/fsl_lpuart.o
 .text.LPUART_TransferGetReceiveCount
                0x00000000       0x34 ./drivers/fsl_lpuart.o
 .text.LPUART_TransferHandleIRQ
                0x00000000      0x290 ./drivers/fsl_lpuart.o
 .text.LPUART_TransferHandleErrorIRQ
                0x00000000       0x14 ./drivers/fsl_lpuart.o
 .text.LPUART0_DriverIRQHandler
                0x00000000       0x24 ./drivers/fsl_lpuart.o
 .debug_info    0x00000000     0x1414 ./drivers/fsl_lpuart.o
 .debug_abbrev  0x00000000      0x2d2 ./drivers/fsl_lpuart.o
 .debug_aranges
                0x00000000      0x118 ./drivers/fsl_lpuart.o
 .debug_ranges  0x00000000      0x108 ./drivers/fsl_lpuart.o
 .debug_line    0x00000000      0x598 ./drivers/fsl_lpuart.o
 .debug_str     0x00000000     0x16c4 ./drivers/fsl_lpuart.o
 .comment       0x00000000       0x6f ./drivers/fsl_lpuart.o
 .debug_frame   0x00000000      0x40c ./drivers/fsl_lpuart.o
 .ARM.attributes
                0x00000000       0x32 ./drivers/fsl_lpuart.o
 .text          0x00000000        0x0 ./drivers/fsl_smc.o
 .data          0x00000000        0x0 ./drivers/fsl_smc.o
 .bss           0x00000000        0x0 ./drivers/fsl_smc.o
 .rodata        0x00000000        0x2 ./drivers/fsl_smc.o
 .text.SMC_PreEnterStopModes
                0x00000000       0x30 ./drivers/fsl_smc.o
 .text.SMC_PostExitStopModes
                0x00000000       0x28 ./drivers/fsl_smc.o
 .text.SMC_SetPowerModeRun
                0x00000000       0x44 ./drivers/fsl_smc.o
 .text.SMC_SetPowerModeWait
                0x00000000       0x2c ./drivers/fsl_smc.o
 .text.SMC_SetPowerModeStop
                0x00000000       0xb8 ./drivers/fsl_smc.o
 .text.SMC_SetPowerModeVlpr
                0x00000000       0x48 ./drivers/fsl_smc.o
 .text.SMC_SetPowerModeVlpw
                0x00000000       0x2c ./drivers/fsl_smc.o
 .text.SMC_SetPowerModeVlps
                0x00000000       0x7c ./drivers/fsl_smc.o
 .text.SMC_SetPowerModeLls
                0x00000000       0xb4 ./drivers/fsl_smc.o
 .text.SMC_SetPowerModeVlls
                0x00000000      0x118 ./drivers/fsl_smc.o
 .debug_info    0x00000000      0x714 ./drivers/fsl_smc.o
 .debug_abbrev  0x00000000      0x1e3 ./drivers/fsl_smc.o
 .debug_aranges
                0x00000000       0x68 ./drivers/fsl_smc.o
 .debug_ranges  0x00000000       0x58 ./drivers/fsl_smc.o
 .debug_line    0x00000000      0x28a ./drivers/fsl_smc.o
 .debug_str     0x00000000      0x6c9 ./drivers/fsl_smc.o
 .comment       0x00000000       0x6f ./drivers/fsl_smc.o
 .debug_frame   0x00000000      0x150 ./drivers/fsl_smc.o
 .ARM.attributes
                0x00000000       0x32 ./drivers/fsl_smc.o
 .text          0x00000000        0x0 ./CMSIS/system_MKW41Z4.o
 .data          0x00000000        0x0 ./CMSIS/system_MKW41Z4.o
 .bss           0x00000000        0x0 ./CMSIS/system_MKW41Z4.o
 .data.SystemCoreClock
                0x00000000        0x4 ./CMSIS/system_MKW41Z4.o
 .text.SystemInit
                0x00000000       0x18 ./CMSIS/system_MKW41Z4.o
 .text.SystemCoreClockUpdate
                0x00000000      0x224 ./CMSIS/system_MKW41Z4.o
 .debug_info    0x00000000      0x39f ./CMSIS/system_MKW41Z4.o
 .debug_abbrev  0x00000000      0x106 ./CMSIS/system_MKW41Z4.o
 .debug_aranges
                0x00000000       0x28 ./CMSIS/system_MKW41Z4.o
 .debug_ranges  0x00000000       0x18 ./CMSIS/system_MKW41Z4.o
 .debug_line    0x00000000       0xf4 ./CMSIS/system_MKW41Z4.o
 .debug_str     0x00000000      0x2cc ./CMSIS/system_MKW41Z4.o
 .comment       0x00000000       0x6f ./CMSIS/system_MKW41Z4.o
 .debug_frame   0x00000000       0x4c ./CMSIS/system_MKW41Z4.o
 .ARM.attributes
                0x00000000       0x32 ./CMSIS/system_MKW41Z4.o
 .text          0x00000000        0x0 c:/nxp/mcuxpressoide_10.0.2_411/ide/tools/bin/../lib/gcc/arm-none-eabi/5.4.1/../../../../arm-none-eabi/lib/armv6-m\libc.a(lib_a-exit.o)
 .data          0x00000000        0x0 c:/nxp/mcuxpressoide_10.0.2_411/ide/tools/bin/../lib/gcc/arm-none-eabi/5.4.1/../../../../arm-none-eabi/lib/armv6-m\libc.a(lib_a-exit.o)
 .bss           0x00000000        0x0 c:/nxp/mcuxpressoide_10.0.2_411/ide/tools/bin/../lib/gcc/arm-none-eabi/5.4.1/../../../../arm-none-eabi/lib/armv6-m\libc.a(lib_a-exit.o)
 .text.exit     0x00000000       0x20 c:/nxp/mcuxpressoide_10.0.2_411/ide/tools/bin/../lib/gcc/arm-none-eabi/5.4.1/../../../../arm-none-eabi/lib/armv6-m\libc.a(lib_a-exit.o)
 .debug_frame   0x00000000       0x28 c:/nxp/mcuxpressoide_10.0.2_411/ide/tools/bin/../lib/gcc/arm-none-eabi/5.4.1/../../../../arm-none-eabi/lib/armv6-m\libc.a(lib_a-exit.o)
 .ARM.attributes
                0x00000000       0x2c c:/nxp/mcuxpressoide_10.0.2_411/ide/tools/bin/../lib/gcc/arm-none-eabi/5.4.1/../../../../arm-none-eabi/lib/armv6-m\libc.a(lib_a-exit.o)
 .text          0x00000000        0x0 c:/nxp/mcuxpressoide_10.0.2_411/ide/tools/bin/../lib/gcc/arm-none-eabi/5.4.1/../../../../arm-none-eabi/lib/armv6-m\libc.a(lib_a-impure.o)
 .data          0x00000000        0x0 c:/nxp/mcuxpressoide_10.0.2_411/ide/tools/bin/../lib/gcc/arm-none-eabi/5.4.1/../../../../arm-none-eabi/lib/armv6-m\libc.a(lib_a-impure.o)
 .bss           0x00000000        0x0 c:/nxp/mcuxpressoide_10.0.2_411/ide/tools/bin/../lib/gcc/arm-none-eabi/5.4.1/../../../../arm-none-eabi/lib/armv6-m\libc.a(lib_a-impure.o)
 .data._impure_ptr
                0x00000000        0x4 c:/nxp/mcuxpressoide_10.0.2_411/ide/tools/bin/../lib/gcc/arm-none-eabi/5.4.1/../../../../arm-none-eabi/lib/armv6-m\libc.a(lib_a-impure.o)
 .text          0x00000000        0x0 c:/nxp/mcuxpressoide_10.0.2_411/ide/tools/bin/../lib/gcc/arm-none-eabi/5.4.1/../../../../arm-none-eabi/lib/armv6-m\libc.a(lib_a-init.o)
 .data          0x00000000        0x0 c:/nxp/mcuxpressoide_10.0.2_411/ide/tools/bin/../lib/gcc/arm-none-eabi/5.4.1/../../../../arm-none-eabi/lib/armv6-m\libc.a(lib_a-init.o)
 .bss           0x00000000        0x0 c:/nxp/mcuxpressoide_10.0.2_411/ide/tools/bin/../lib/gcc/arm-none-eabi/5.4.1/../../../../arm-none-eabi/lib/armv6-m\libc.a(lib_a-init.o)
 .text.__libc_init_array
                0x00000000       0x48 c:/nxp/mcuxpressoide_10.0.2_411/ide/tools/bin/../lib/gcc/arm-none-eabi/5.4.1/../../../../arm-none-eabi/lib/armv6-m\libc.a(lib_a-init.o)
 .debug_frame   0x00000000       0x2c c:/nxp/mcuxpressoide_10.0.2_411/ide/tools/bin/../lib/gcc/arm-none-eabi/5.4.1/../../../../arm-none-eabi/lib/armv6-m\libc.a(lib_a-init.o)
 .ARM.attributes
                0x00000000       0x2c c:/nxp/mcuxpressoide_10.0.2_411/ide/tools/bin/../lib/gcc/arm-none-eabi/5.4.1/../../../../arm-none-eabi/lib/armv6-m\libc.a(lib_a-init.o)
 .text          0x00000000        0x0 c:/nxp/mcuxpressoide_10.0.2_411/ide/tools/bin/../lib/gcc/arm-none-eabi/5.4.1/../../../../arm-none-eabi/lib/armv6-m\libc.a(lib_a-memcpy-stub.o)
 .data          0x00000000        0x0 c:/nxp/mcuxpressoide_10.0.2_411/ide/tools/bin/../lib/gcc/arm-none-eabi/5.4.1/../../../../arm-none-eabi/lib/armv6-m\libc.a(lib_a-memcpy-stub.o)
 .bss           0x00000000        0x0 c:/nxp/mcuxpressoide_10.0.2_411/ide/tools/bin/../lib/gcc/arm-none-eabi/5.4.1/../../../../arm-none-eabi/lib/armv6-m\libc.a(lib_a-memcpy-stub.o)
 .text          0x00000000        0x0 c:/nxp/mcuxpressoide_10.0.2_411/ide/tools/bin/../lib/gcc/arm-none-eabi/5.4.1/../../../../arm-none-eabi/lib/armv6-m\libc.a(lib_a-memset.o)
 .data          0x00000000        0x0 c:/nxp/mcuxpressoide_10.0.2_411/ide/tools/bin/../lib/gcc/arm-none-eabi/5.4.1/../../../../arm-none-eabi/lib/armv6-m\libc.a(lib_a-memset.o)
 .bss           0x00000000        0x0 c:/nxp/mcuxpressoide_10.0.2_411/ide/tools/bin/../lib/gcc/arm-none-eabi/5.4.1/../../../../arm-none-eabi/lib/armv6-m\libc.a(lib_a-memset.o)
 .text.memset   0x00000000       0x8c c:/nxp/mcuxpressoide_10.0.2_411/ide/tools/bin/../lib/gcc/arm-none-eabi/5.4.1/../../../../arm-none-eabi/lib/armv6-m\libc.a(lib_a-memset.o)
 .debug_frame   0x00000000       0x2c c:/nxp/mcuxpressoide_10.0.2_411/ide/tools/bin/../lib/gcc/arm-none-eabi/5.4.1/../../../../arm-none-eabi/lib/armv6-m\libc.a(lib_a-memset.o)
 .ARM.attributes
                0x00000000       0x2c c:/nxp/mcuxpressoide_10.0.2_411/ide/tools/bin/../lib/gcc/arm-none-eabi/5.4.1/../../../../arm-none-eabi/lib/armv6-m\libc.a(lib_a-memset.o)
 .text          0x00000000        0x0 c:/nxp/mcuxpressoide_10.0.2_411/ide/tools/bin/../lib/gcc/arm-none-eabi/5.4.1/../../../../arm-none-eabi/lib/armv6-m\libc.a(lib_a-__call_atexit.o)
 .data          0x00000000        0x0 c:/nxp/mcuxpressoide_10.0.2_411/ide/tools/bin/../lib/gcc/arm-none-eabi/5.4.1/../../../../arm-none-eabi/lib/armv6-m\libc.a(lib_a-__call_atexit.o)
 .bss           0x00000000        0x0 c:/nxp/mcuxpressoide_10.0.2_411/ide/tools/bin/../lib/gcc/arm-none-eabi/5.4.1/../../../../arm-none-eabi/lib/armv6-m\libc.a(lib_a-__call_atexit.o)
 .text.__call_exitprocs
                0x00000000       0xfc c:/nxp/mcuxpressoide_10.0.2_411/ide/tools/bin/../lib/gcc/arm-none-eabi/5.4.1/../../../../arm-none-eabi/lib/armv6-m\libc.a(lib_a-__call_atexit.o)
 .text          0x00000000        0x0 c:/nxp/mcuxpressoide_10.0.2_411/ide/tools/bin/../lib/gcc/arm-none-eabi/5.4.1/../../../../arm-none-eabi/lib/armv6-m\libc.a(lib_a-atexit.o)
 .data          0x00000000        0x0 c:/nxp/mcuxpressoide_10.0.2_411/ide/tools/bin/../lib/gcc/arm-none-eabi/5.4.1/../../../../arm-none-eabi/lib/armv6-m\libc.a(lib_a-atexit.o)
 .bss           0x00000000        0x0 c:/nxp/mcuxpressoide_10.0.2_411/ide/tools/bin/../lib/gcc/arm-none-eabi/5.4.1/../../../../arm-none-eabi/lib/armv6-m\libc.a(lib_a-atexit.o)
 .text          0x00000000        0x0 c:/nxp/mcuxpressoide_10.0.2_411/ide/tools/bin/../lib/gcc/arm-none-eabi/5.4.1/../../../../arm-none-eabi/lib/armv6-m\libc.a(lib_a-fini.o)
 .data          0x00000000        0x0 c:/nxp/mcuxpressoide_10.0.2_411/ide/tools/bin/../lib/gcc/arm-none-eabi/5.4.1/../../../../arm-none-eabi/lib/armv6-m\libc.a(lib_a-fini.o)
 .bss           0x00000000        0x0 c:/nxp/mcuxpressoide_10.0.2_411/ide/tools/bin/../lib/gcc/arm-none-eabi/5.4.1/../../../../arm-none-eabi/lib/armv6-m\libc.a(lib_a-fini.o)
 .text          0x00000000        0x0 c:/nxp/mcuxpressoide_10.0.2_411/ide/tools/bin/../lib/gcc/arm-none-eabi/5.4.1/../../../../arm-none-eabi/lib/armv6-m\libc.a(lib_a-__atexit.o)
 .data          0x00000000        0x0 c:/nxp/mcuxpressoide_10.0.2_411/ide/tools/bin/../lib/gcc/arm-none-eabi/5.4.1/../../../../arm-none-eabi/lib/armv6-m\libc.a(lib_a-__atexit.o)
 .bss           0x00000000        0x0 c:/nxp/mcuxpressoide_10.0.2_411/ide/tools/bin/../lib/gcc/arm-none-eabi/5.4.1/../../../../arm-none-eabi/lib/armv6-m\libc.a(lib_a-__atexit.o)
 .text          0x00000000      0x114 c:/nxp/mcuxpressoide_10.0.2_411/ide/tools/bin/../lib/gcc/arm-none-eabi/5.4.1/armv6-m\libgcc.a(_udivsi3.o)
 .data          0x00000000        0x0 c:/nxp/mcuxpressoide_10.0.2_411/ide/tools/bin/../lib/gcc/arm-none-eabi/5.4.1/armv6-m\libgcc.a(_udivsi3.o)
 .bss           0x00000000        0x0 c:/nxp/mcuxpressoide_10.0.2_411/ide/tools/bin/../lib/gcc/arm-none-eabi/5.4.1/armv6-m\libgcc.a(_udivsi3.o)
 .debug_frame   0x00000000       0x20 c:/nxp/mcuxpressoide_10.0.2_411/ide/tools/bin/../lib/gcc/arm-none-eabi/5.4.1/armv6-m\libgcc.a(_udivsi3.o)
 .ARM.attributes
                0x00000000       0x1e c:/nxp/mcuxpressoide_10.0.2_411/ide/tools/bin/../lib/gcc/arm-none-eabi/5.4.1/armv6-m\libgcc.a(_udivsi3.o)
 .text          0x00000000        0x4 c:/nxp/mcuxpressoide_10.0.2_411/ide/tools/bin/../lib/gcc/arm-none-eabi/5.4.1/armv6-m\libgcc.a(_dvmd_tls.o)
 .data          0x00000000        0x0 c:/nxp/mcuxpressoide_10.0.2_411/ide/tools/bin/../lib/gcc/arm-none-eabi/5.4.1/armv6-m\libgcc.a(_dvmd_tls.o)
 .bss           0x00000000        0x0 c:/nxp/mcuxpressoide_10.0.2_411/ide/tools/bin/../lib/gcc/arm-none-eabi/5.4.1/armv6-m\libgcc.a(_dvmd_tls.o)
 .ARM.attributes
                0x00000000       0x1e c:/nxp/mcuxpressoide_10.0.2_411/ide/tools/bin/../lib/gcc/arm-none-eabi/5.4.1/armv6-m\libgcc.a(_dvmd_tls.o)
 .text          0x00000000       0x40 c:/nxp/mcuxpressoide_10.0.2_411/ide/tools/bin/../lib/gcc/arm-none-eabi/5.4.1/armv6-m\libgcc.a(_aeabi_uldivmod.o)
 .data          0x00000000        0x0 c:/nxp/mcuxpressoide_10.0.2_411/ide/tools/bin/../lib/gcc/arm-none-eabi/5.4.1/armv6-m\libgcc.a(_aeabi_uldivmod.o)
 .bss           0x00000000        0x0 c:/nxp/mcuxpressoide_10.0.2_411/ide/tools/bin/../lib/gcc/arm-none-eabi/5.4.1/armv6-m\libgcc.a(_aeabi_uldivmod.o)
 .ARM.attributes
                0x00000000       0x1e c:/nxp/mcuxpressoide_10.0.2_411/ide/tools/bin/../lib/gcc/arm-none-eabi/5.4.1/armv6-m\libgcc.a(_aeabi_uldivmod.o)
 .text          0x00000000       0x58 c:/nxp/mcuxpressoide_10.0.2_411/ide/tools/bin/../lib/gcc/arm-none-eabi/5.4.1/armv6-m\libgcc.a(_muldi3.o)
 .data          0x00000000        0x0 c:/nxp/mcuxpressoide_10.0.2_411/ide/tools/bin/../lib/gcc/arm-none-eabi/5.4.1/armv6-m\libgcc.a(_muldi3.o)
 .bss           0x00000000        0x0 c:/nxp/mcuxpressoide_10.0.2_411/ide/tools/bin/../lib/gcc/arm-none-eabi/5.4.1/armv6-m\libgcc.a(_muldi3.o)
 .debug_frame   0x00000000       0x34 c:/nxp/mcuxpressoide_10.0.2_411/ide/tools/bin/../lib/gcc/arm-none-eabi/5.4.1/armv6-m\libgcc.a(_muldi3.o)
 .ARM.attributes
                0x00000000       0x2c c:/nxp/mcuxpressoide_10.0.2_411/ide/tools/bin/../lib/gcc/arm-none-eabi/5.4.1/armv6-m\libgcc.a(_muldi3.o)
 .text          0x00000000      0x180 c:/nxp/mcuxpressoide_10.0.2_411/ide/tools/bin/../lib/gcc/arm-none-eabi/5.4.1/armv6-m\libgcc.a(_udivmoddi4.o)
 .data          0x00000000        0x0 c:/nxp/mcuxpressoide_10.0.2_411/ide/tools/bin/../lib/gcc/arm-none-eabi/5.4.1/armv6-m\libgcc.a(_udivmoddi4.o)
 .bss           0x00000000        0x0 c:/nxp/mcuxpressoide_10.0.2_411/ide/tools/bin/../lib/gcc/arm-none-eabi/5.4.1/armv6-m\libgcc.a(_udivmoddi4.o)
 .ARM.extab     0x00000000        0x0 c:/nxp/mcuxpressoide_10.0.2_411/ide/tools/bin/../lib/gcc/arm-none-eabi/5.4.1/armv6-m\libgcc.a(_udivmoddi4.o)
 .ARM.exidx     0x00000000        0x8 c:/nxp/mcuxpressoide_10.0.2_411/ide/tools/bin/../lib/gcc/arm-none-eabi/5.4.1/armv6-m\libgcc.a(_udivmoddi4.o)
 .debug_frame   0x00000000       0x3c c:/nxp/mcuxpressoide_10.0.2_411/ide/tools/bin/../lib/gcc/arm-none-eabi/5.4.1/armv6-m\libgcc.a(_udivmoddi4.o)
 .ARM.attributes
                0x00000000       0x2c c:/nxp/mcuxpressoide_10.0.2_411/ide/tools/bin/../lib/gcc/arm-none-eabi/5.4.1/armv6-m\libgcc.a(_udivmoddi4.o)
 .text          0x00000000       0x18 c:/nxp/mcuxpressoide_10.0.2_411/ide/tools/bin/../lib/gcc/arm-none-eabi/5.4.1/armv6-m\libgcc.a(_clzdi2.o)
 .data          0x00000000        0x0 c:/nxp/mcuxpressoide_10.0.2_411/ide/tools/bin/../lib/gcc/arm-none-eabi/5.4.1/armv6-m\libgcc.a(_clzdi2.o)
 .bss           0x00000000        0x0 c:/nxp/mcuxpressoide_10.0.2_411/ide/tools/bin/../lib/gcc/arm-none-eabi/5.4.1/armv6-m\libgcc.a(_clzdi2.o)
 .ARM.attributes
                0x00000000       0x1e c:/nxp/mcuxpressoide_10.0.2_411/ide/tools/bin/../lib/gcc/arm-none-eabi/5.4.1/armv6-m\libgcc.a(_clzdi2.o)
 .text          0x00000000       0x3c c:/nxp/mcuxpressoide_10.0.2_411/ide/tools/bin/../lib/gcc/arm-none-eabi/5.4.1/armv6-m\libgcc.a(_clzsi2.o)
 .data          0x00000000        0x0 c:/nxp/mcuxpressoide_10.0.2_411/ide/tools/bin/../lib/gcc/arm-none-eabi/5.4.1/armv6-m\libgcc.a(_clzsi2.o)
 .bss           0x00000000        0x0 c:/nxp/mcuxpressoide_10.0.2_411/ide/tools/bin/../lib/gcc/arm-none-eabi/5.4.1/armv6-m\libgcc.a(_clzsi2.o)
 .ARM.attributes
                0x00000000       0x1e c:/nxp/mcuxpressoide_10.0.2_411/ide/tools/bin/../lib/gcc/arm-none-eabi/5.4.1/armv6-m\libgcc.a(_clzsi2.o)
 .text          0x00000000        0x0 c:/nxp/mcuxpressoide_10.0.2_411/ide/tools/bin/../lib/gcc/arm-none-eabi/5.4.1/../../../../arm-none-eabi/lib/armv6-m\libnosys.a(_exit.o)
 .data          0x00000000        0x0 c:/nxp/mcuxpressoide_10.0.2_411/ide/tools/bin/../lib/gcc/arm-none-eabi/5.4.1/../../../../arm-none-eabi/lib/armv6-m\libnosys.a(_exit.o)
 .bss           0x00000000        0x0 c:/nxp/mcuxpressoide_10.0.2_411/ide/tools/bin/../lib/gcc/arm-none-eabi/5.4.1/../../../../arm-none-eabi/lib/armv6-m\libnosys.a(_exit.o)
 .text._exit    0x00000000        0x4 c:/nxp/mcuxpressoide_10.0.2_411/ide/tools/bin/../lib/gcc/arm-none-eabi/5.4.1/../../../../arm-none-eabi/lib/armv6-m\libnosys.a(_exit.o)
 .debug_frame   0x00000000       0x20 c:/nxp/mcuxpressoide_10.0.2_411/ide/tools/bin/../lib/gcc/arm-none-eabi/5.4.1/../../../../arm-none-eabi/lib/armv6-m\libnosys.a(_exit.o)
 .ARM.attributes
                0x00000000       0x2c c:/nxp/mcuxpressoide_10.0.2_411/ide/tools/bin/../lib/gcc/arm-none-eabi/5.4.1/../../../../arm-none-eabi/lib/armv6-m\libnosys.a(_exit.o)
 .text          0x00000000        0x0 c:/nxp/mcuxpressoide_10.0.2_411/ide/tools/bin/../lib/gcc/arm-none-eabi/5.4.1/armv6-m/crtend.o
 .data          0x00000000        0x0 c:/nxp/mcuxpressoide_10.0.2_411/ide/tools/bin/../lib/gcc/arm-none-eabi/5.4.1/armv6-m/crtend.o
 .bss           0x00000000        0x0 c:/nxp/mcuxpressoide_10.0.2_411/ide/tools/bin/../lib/gcc/arm-none-eabi/5.4.1/armv6-m/crtend.o
 .eh_frame      0x00000000        0x4 c:/nxp/mcuxpressoide_10.0.2_411/ide/tools/bin/../lib/gcc/arm-none-eabi/5.4.1/armv6-m/crtend.o
 .jcr           0x00000000        0x4 c:/nxp/mcuxpressoide_10.0.2_411/ide/tools/bin/../lib/gcc/arm-none-eabi/5.4.1/armv6-m/crtend.o
 .ARM.attributes
                0x00000000       0x2c c:/nxp/mcuxpressoide_10.0.2_411/ide/tools/bin/../lib/gcc/arm-none-eabi/5.4.1/armv6-m/crtend.o
 .text          0x00000000        0x0 c:/nxp/mcuxpressoide_10.0.2_411/ide/tools/bin/../lib/gcc/arm-none-eabi/5.4.1/armv6-m/crtn.o
 .data          0x00000000        0x0 c:/nxp/mcuxpressoide_10.0.2_411/ide/tools/bin/../lib/gcc/arm-none-eabi/5.4.1/armv6-m/crtn.o
 .bss           0x00000000        0x0 c:/nxp/mcuxpressoide_10.0.2_411/ide/tools/bin/../lib/gcc/arm-none-eabi/5.4.1/armv6-m/crtn.o

Memory Configuration

Name             Origin             Length             Attributes
m_interrupts     0x00000000         0x000000c0         xr
m_cfmprotrom     0x00000400         0x00000010         xr
m_bootinfo       0x00000410         0x00000010         xr
m_text           0x00000420         0x00003bdf         xr
m_data           0x20000000         0x00004000         xrw
BootFlags_region 0x00003800         0x00000800         xr
*default*        0x00000000         0xffffffff

Linker script and memory map

LOAD c:/nxp/mcuxpressoide_10.0.2_411/ide/tools/bin/../lib/gcc/arm-none-eabi/5.4.1/armv6-m/crti.o
LOAD c:/nxp/mcuxpressoide_10.0.2_411/ide/tools/bin/../lib/gcc/arm-none-eabi/5.4.1/armv6-m/crtbegin.o
LOAD c:/nxp/mcuxpressoide_10.0.2_411/ide/tools/bin/../lib/gcc/arm-none-eabi/5.4.1/../../../../arm-none-eabi/lib/armv6-m/crt0.o
LOAD ./utilities/fsl_debug_console.o
LOAD ./source/drivers/uart/UART.o
LOAD ./source/drivers/timer/timer.o
LOAD ./source/drivers/spi/SPI.o
LOAD ./source/drivers/flash/flash_boot_kinetis.o
LOAD ./source/drivers/eeprom/Eeprom_Boot_AT45DB041E.o
LOAD ./source/drivers/eeprom/Eeprom_Boot_AT45DB081E.o
LOAD ./source/FsciBootloader.o
LOAD ./source/OtapBootloader.o
LOAD ./source/main.o
LOAD ./source/mtb.o
LOAD ./drivers/fsl_clock.o
LOAD ./drivers/fsl_common.o
LOAD ./drivers/fsl_flash.o
LOAD ./drivers/fsl_lpuart.o
LOAD ./drivers/fsl_smc.o
LOAD ./CMSIS/system_MKW41Z4.o
LOAD c:/nxp/mcuxpressoide_10.0.2_411/ide/tools/bin/../lib/gcc/arm-none-eabi/5.4.1/../../../../arm-none-eabi/lib/armv6-m\libm.a
LOAD c:/nxp/mcuxpressoide_10.0.2_411/ide/tools/bin/../lib/gcc/arm-none-eabi/5.4.1/../../../../arm-none-eabi/lib/armv6-m\libc.a
LOAD c:/nxp/mcuxpressoide_10.0.2_411/ide/tools/bin/../lib/gcc/arm-none-eabi/5.4.1/armv6-m\libgcc.a
LOAD c:/nxp/mcuxpressoide_10.0.2_411/ide/tools/bin/../lib/gcc/arm-none-eabi/5.4.1/../../../../arm-none-eabi/lib/armv6-m\libnosys.a
START GROUP
LOAD c:/nxp/mcuxpressoide_10.0.2_411/ide/tools/bin/../lib/gcc/arm-none-eabi/5.4.1/armv6-m\libgcc.a
LOAD c:/nxp/mcuxpressoide_10.0.2_411/ide/tools/bin/../lib/gcc/arm-none-eabi/5.4.1/../../../../arm-none-eabi/lib/armv6-m\libc.a
END GROUP
LOAD c:/nxp/mcuxpressoide_10.0.2_411/ide/tools/bin/../lib/gcc/arm-none-eabi/5.4.1/armv6-m/crtend.o
LOAD c:/nxp/mcuxpressoide_10.0.2_411/ide/tools/bin/../lib/gcc/arm-none-eabi/5.4.1/armv6-m/crtn.o
                0x00080000                gRomSize_c = 0x80000
                0x00000800                gSectorSize_c = 0x800
                0x00080000                __ROM_SIZE__ = gRomSize_c
                0x00000000                __region_BOOT_ROM_start__ = 0x0
                0x00003fff                __region_BOOT_ROM_end__ = ((gRomSize_c / 0x20) - 0x1)
                0x20000000                __region_RAM_start__ = 0x20000000
                0x20003fff                __region_RAM_end__ = 0x20003fff
                0x000037ff                __code_end__ = (__region_BOOT_ROM_end__ - gSectorSize_c)
                0x00003800                __BOOT_Flags_start__ = (__code_end__ + 0x1)
                0x00000000                __heap_size = 0x0
                0x00001000                __stack_size = 0x1000
                0x20003ff8                __SP_INIT = (__region_RAM_end__ - 0x7)

.interrupts     0x00000000       0x40
                0x00000000                __vector_table = .
                0x00000000                . = ALIGN (0x4)
 *(.vectortable)
 .vectortable   0x00000000       0x40 ./source/main.o
                0x00000040                . = ALIGN (0x4)

.cfmconfig      0x00000400       0x10
                0x00000400                . = ALIGN (0x4)
 *(.cfmconfig)
 .cfmconfig     0x00000400       0x10 ./source/main.o
                0x00000400                gFlashConfig
                0x00000410                . = ALIGN (0x4)

.BOOT_MODULE_INFO
                0x00000410        0x0
                0x00000410                . = ALIGN (0x4)
 *(.BOOT_MODULE_INFO)
                0x00000410                . = ALIGN (0x4)

.text           0x00000420      0xe38
                0x00000420                . = ALIGN (0x4)
 *(.text)
 .text          0x00000420       0x60 c:/nxp/mcuxpressoide_10.0.2_411/ide/tools/bin/../lib/gcc/arm-none-eabi/5.4.1/armv6-m/crtbegin.o
 *(.text*)
 .text.spi_master_init
                0x00000480       0xf0 ./source/drivers/spi/SPI.o
                0x00000480                spi_master_init
 .text.spi_master_configure_bus
                0x00000570       0x20 ./source/drivers/spi/SPI.o
                0x00000570                spi_master_configure_bus
 .text.spi_master_transfer
                0x00000590       0xf0 ./source/drivers/spi/SPI.o
                0x00000590                spi_master_transfer
 .text.FlashInitialization
                0x00000680       0x94 ./source/drivers/flash/flash_boot_kinetis.o
                0x00000680                FlashInitialization
 .text.FLASH_Boot_Program
                0x00000714       0xdc ./source/drivers/flash/flash_boot_kinetis.o
                0x00000714                FLASH_Boot_Program
 .text.FLASH_Boot_EraseSector
                0x000007f0       0x28 ./source/drivers/flash/flash_boot_kinetis.o
                0x000007f0                FLASH_Boot_EraseSector
 .text.FLASH_Boot_FlashCommandSequence
                0x00000818       0x7c ./source/drivers/flash/flash_boot_kinetis.o
 .text.ExecuteOnStackStart
                0x00000894       0x34 ./source/drivers/flash/flash_boot_kinetis.o
 .text.EEPROM_Init
                0x000008c8       0x9c ./source/drivers/eeprom/Eeprom_Boot_AT45DB041E.o
                0x000008c8                EEPROM_Init
 .text.EEPROM_ReadData
                0x00000964       0x54 ./source/drivers/eeprom/Eeprom_Boot_AT45DB041E.o
                0x00000964                EEPROM_ReadData
 .text.EEPROM_isBusy
                0x000009b8       0x1c ./source/drivers/eeprom/Eeprom_Boot_AT45DB041E.o
                0x000009b8                EEPROM_isBusy
 .text.EEPROM_ReadStatusReq
                0x000009d4       0x50 ./source/drivers/eeprom/Eeprom_Boot_AT45DB041E.o
 .text.EEPROM_WaitForReady
                0x00000a24       0x48 ./source/drivers/eeprom/Eeprom_Boot_AT45DB041E.o
 .text.EEPROM_Command
                0x00000a6c       0x64 ./source/drivers/eeprom/Eeprom_Boot_AT45DB041E.o
 .text.Boot_GetInternalStorageStartAddr
                0x00000ad0       0x1c ./source/OtapBootloader.o
                0x00000ad0                Boot_GetInternalStorageStartAddr
 .text.Boot_InitExternalStorage
                0x00000aec       0x20 ./source/OtapBootloader.o
                0x00000aec                Boot_InitExternalStorage
 .text.Boot_ReadExternalStorage
                0x00000b0c       0x58 ./source/OtapBootloader.o
                0x00000b0c                Boot_ReadExternalStorage
 .text.Boot_LoadImage
                0x00000b64      0x2c4 ./source/OtapBootloader.o
                0x00000b64                Boot_LoadImage
 .text.Boot_CheckOtapFlags
                0x00000e28       0x40 ./source/OtapBootloader.o
                0x00000e28                Boot_CheckOtapFlags
 .text.NVIC_SystemReset
                0x00000e68       0x20 ./source/main.o
 .text.Boot_MemCpy
                0x00000e88       0x38 ./source/main.o
                0x00000e88                Boot_MemCpy
 .text.Boot_ResetMCU
                0x00000ec0        0xc ./source/main.o
                0x00000ec0                Boot_ResetMCU
 .text.JumpToApplication
                0x00000ecc       0x20 ./source/main.o
 .text.__thumb_startup
                0x00000eec       0x14 ./source/main.o
                0x00000eec                __thumb_startup
 .text.main     0x00000f00       0x4c ./source/main.o
                0x00000f00                main
 .text.NMI_handler
                0x00000f4c       0x30 ./source/main.o
                0x00000f4c                NMI_handler
 .text.defaultISR
                0x00000f7c       0x10 ./source/main.o
                0x00000f7c                defaultISR
 .text.BOOT_ClockInit
                0x00000f8c       0xfc ./source/main.o
                0x00000f8c                BOOT_ClockInit
 .text.memcpy   0x00001088       0x7c c:/nxp/mcuxpressoide_10.0.2_411/ide/tools/bin/../lib/gcc/arm-none-eabi/5.4.1/../../../../arm-none-eabi/lib/armv6-m\libc.a(lib_a-memcpy-stub.o)
                0x00001088                memcpy
 .text.startup.register_fini
                0x00001104       0x18 c:/nxp/mcuxpressoide_10.0.2_411/ide/tools/bin/../lib/gcc/arm-none-eabi/5.4.1/../../../../arm-none-eabi/lib/armv6-m\libc.a(lib_a-__call_atexit.o)
 .text.atexit   0x0000111c       0x10 c:/nxp/mcuxpressoide_10.0.2_411/ide/tools/bin/../lib/gcc/arm-none-eabi/5.4.1/../../../../arm-none-eabi/lib/armv6-m\libc.a(lib_a-atexit.o)
                0x0000111c                atexit
 .text.__libc_fini_array
                0x0000112c       0x34 c:/nxp/mcuxpressoide_10.0.2_411/ide/tools/bin/../lib/gcc/arm-none-eabi/5.4.1/../../../../arm-none-eabi/lib/armv6-m\libc.a(lib_a-fini.o)
                0x0000112c                __libc_fini_array
 .text.__register_exitproc
                0x00001160       0xd4 c:/nxp/mcuxpressoide_10.0.2_411/ide/tools/bin/../lib/gcc/arm-none-eabi/5.4.1/../../../../arm-none-eabi/lib/armv6-m\libc.a(lib_a-__atexit.o)
                0x00001160                __register_exitproc
 *(.rodata)
 .rodata        0x00001234        0x8 ./source/drivers/eeprom/Eeprom_Boot_AT45DB041E.o
 *(.rodata*)
 .rodata._global_impure_ptr
                0x0000123c        0x4 c:/nxp/mcuxpressoide_10.0.2_411/ide/tools/bin/../lib/gcc/arm-none-eabi/5.4.1/../../../../arm-none-eabi/lib/armv6-m\libc.a(lib_a-impure.o)
                0x0000123c                _global_impure_ptr
 *(.glue_7)
 .glue_7        0x00001240        0x0 linker stubs
 *(.glue_7t)
 .glue_7t       0x00001240        0x0 linker stubs
 *(.eh_frame)
 .eh_frame      0x00001240        0x0 c:/nxp/mcuxpressoide_10.0.2_411/ide/tools/bin/../lib/gcc/arm-none-eabi/5.4.1/armv6-m/crtbegin.o
 *(.init)
 .init          0x00001240        0x4 c:/nxp/mcuxpressoide_10.0.2_411/ide/tools/bin/../lib/gcc/arm-none-eabi/5.4.1/armv6-m/crti.o
                0x00001240                _init
 .init          0x00001244        0x8 c:/nxp/mcuxpressoide_10.0.2_411/ide/tools/bin/../lib/gcc/arm-none-eabi/5.4.1/armv6-m/crtn.o
 *(.fini)
 .fini          0x0000124c        0x4 c:/nxp/mcuxpressoide_10.0.2_411/ide/tools/bin/../lib/gcc/arm-none-eabi/5.4.1/armv6-m/crti.o
                0x0000124c                _fini
 .fini          0x00001250        0x8 c:/nxp/mcuxpressoide_10.0.2_411/ide/tools/bin/../lib/gcc/arm-none-eabi/5.4.1/armv6-m/crtn.o
                0x00001258                . = ALIGN (0x4)
                0x00001258                _etext = .

.vfp11_veneer   0x00001258        0x0
 .vfp11_veneer  0x00001258        0x0 linker stubs

.v4_bx          0x00001258        0x0
 .v4_bx         0x00001258        0x0 linker stubs

.iplt           0x00001258        0x0
 .iplt          0x00001258        0x0 c:/nxp/mcuxpressoide_10.0.2_411/ide/tools/bin/../lib/gcc/arm-none-eabi/5.4.1/armv6-m/crtbegin.o

.rel.dyn        0x00001258        0x0
 .rel.iplt      0x00001258        0x0 c:/nxp/mcuxpressoide_10.0.2_411/ide/tools/bin/../lib/gcc/arm-none-eabi/5.4.1/armv6-m/crtbegin.o

.ARM.extab
 *(.ARM.extab* .gnu.linkonce.armextab.*)

.ARM            0x00001258        0x0
                0x00001258                __exidx_start = .
 *(.ARM.exidx*)
                0x00001258                __exidx_end = .

.ctors          0x00001258        0x0
                0x00001258                __CTOR_LIST__ = .
 *crtbegin.o(.ctors)
 *(EXCLUDE_FILE(*crtend.o) .ctors)
 *(SORT(.ctors.*))
 *(.ctors)
                0x00001258                __CTOR_END__ = .

.dtors          0x00001258        0x0
                0x00001258                __DTOR_LIST__ = .
 *crtbegin.o(.dtors)
 *(EXCLUDE_FILE(*crtend.o) .dtors)
 *(SORT(.dtors.*))
 *(.dtors)
                0x00001258                __DTOR_END__ = .

.preinit_array  0x00001258        0x0
                0x00001258                PROVIDE (__preinit_array_start, .)
 *(.preinit_array*)
                0x00001258                PROVIDE (__preinit_array_end, .)

.init_array     0x00001258        0x8
                0x00001258                PROVIDE (__init_array_start, .)
 *(SORT(.init_array.*))
 .init_array.00000
                0x00001258        0x4 c:/nxp/mcuxpressoide_10.0.2_411/ide/tools/bin/../lib/gcc/arm-none-eabi/5.4.1/../../../../arm-none-eabi/lib/armv6-m\libc.a(lib_a-__call_atexit.o)
 *(.init_array*)
 .init_array    0x0000125c        0x4 c:/nxp/mcuxpressoide_10.0.2_411/ide/tools/bin/../lib/gcc/arm-none-eabi/5.4.1/armv6-m/crtbegin.o
                0x00001260                PROVIDE (__init_array_end, .)

.fini_array     0x00001260        0x4
                0x00001260                PROVIDE (__fini_array_start, .)
 *(SORT(.fini_array.*))
 *(.fini_array*)
 .fini_array    0x00001260        0x4 c:/nxp/mcuxpressoide_10.0.2_411/ide/tools/bin/../lib/gcc/arm-none-eabi/5.4.1/armv6-m/crtbegin.o
                0x00001264                PROVIDE (__fini_array_end, .)
                0x00001264                ___ROM_AT = .

.ramvectortable
                0x20000000        0x0
                0x20000000                . = ALIGN (0x4)
 *(.ramvectortable)

.data           0x20000000      0x428 load address 0x00001264
                0x20000000                . = ALIGN (0x4)
                0x20000000                _sdata = .
 *(.data)
 *(.data*)
 .data.impure_data
                0x20000000      0x428 c:/nxp/mcuxpressoide_10.0.2_411/ide/tools/bin/../lib/gcc/arm-none-eabi/5.4.1/../../../../arm-none-eabi/lib/armv6-m\libc.a(lib_a-impure.o)
                0x20000428                . = ALIGN (0x4)
                0x20000428                _edata = .
                0x00000428                ___data_size = (_edata - _sdata)

.jcr            0x20000428        0x0 load address 0x0000168c
 .jcr           0x20000428        0x0 c:/nxp/mcuxpressoide_10.0.2_411/ide/tools/bin/../lib/gcc/arm-none-eabi/5.4.1/armv6-m/crtbegin.o

.igot.plt       0x20000428        0x0 load address 0x0000168c
 .igot.plt      0x20000428        0x0 c:/nxp/mcuxpressoide_10.0.2_411/ide/tools/bin/../lib/gcc/arm-none-eabi/5.4.1/armv6-m/crtbegin.o
                0x20000428                . = ALIGN (0x4)

.bss            0x20000428       0xd4 load address 0x0000168c
                0x20000428                __START_BSS = .
                0x20000428                PROVIDE (__bss_start__, __START_BSS)
 *(.bss)
 .bss           0x20000428       0x1c c:/nxp/mcuxpressoide_10.0.2_411/ide/tools/bin/../lib/gcc/arm-none-eabi/5.4.1/armv6-m/crtbegin.o
 *(.bss*)
 .bss.CommandObj
                0x20000444        0xc ./source/drivers/flash/flash_boot_kinetis.o
 .bss.ExecuteOnStack
                0x20000450        0x4 ./source/drivers/flash/flash_boot_kinetis.o
                0x20000450                ExecuteOnStack
 .bss.buffer    0x20000454       0x80 ./source/drivers/flash/flash_boot_kinetis.o
                0x20000454                buffer
 .bss.gpBootInfo
                0x200004d4        0x4 ./source/OtapBootloader.o
                0x200004d4                gpBootInfo
 .bss.gBootStorageStartAddress
                0x200004d8        0x4 ./source/OtapBootloader.o
                0x200004d8                gBootStorageStartAddress
 .bss.bitmapBuffer.5282
                0x200004dc       0x20 ./source/OtapBootloader.o
 *(COMMON)
                0x200004fc                . = ALIGN (0x4)
                0x200004fc                __END_BSS = .
                0x200004fc                PROVIDE (__bss_end__, __END_BSS)

._user_heap_stack
                0x200004fc     0x1000 load address 0x00001760
                0x200004fc                . = ALIGN (0x4)
                [!provide]                PROVIDE (end, .)
                [!provide]                PROVIDE (_end, .)
                0x200004fc                __heap_addr = .
                0x200004fc                . = (. + __heap_size)
                0x200014fc                . = (. + __stack_size)
 *fill*         0x200004fc     0x1000 
                0x200014fc                . = ALIGN (0x4)

.BootFlags
 *(.BootFlags)

.ARM.attributes
                0x00000000       0x28
 *(.ARM.attributes)
 .ARM.attributes
                0x00000000       0x1e c:/nxp/mcuxpressoide_10.0.2_411/ide/tools/bin/../lib/gcc/arm-none-eabi/5.4.1/armv6-m/crti.o
 .ARM.attributes
                0x0000001e       0x2c c:/nxp/mcuxpressoide_10.0.2_411/ide/tools/bin/../lib/gcc/arm-none-eabi/5.4.1/armv6-m/crtbegin.o
 .ARM.attributes
                0x0000004a       0x32 ./source/drivers/spi/SPI.o
 .ARM.attributes
                0x0000007c       0x32 ./source/drivers/flash/flash_boot_kinetis.o
 .ARM.attributes
                0x000000ae       0x32 ./source/drivers/eeprom/Eeprom_Boot_AT45DB041E.o
 .ARM.attributes
                0x000000e0       0x32 ./source/OtapBootloader.o
 .ARM.attributes
                0x00000112       0x32 ./source/main.o
 .ARM.attributes
                0x00000144       0x2c c:/nxp/mcuxpressoide_10.0.2_411/ide/tools/bin/../lib/gcc/arm-none-eabi/5.4.1/../../../../arm-none-eabi/lib/armv6-m\libc.a(lib_a-impure.o)
 .ARM.attributes
                0x00000170       0x2c c:/nxp/mcuxpressoide_10.0.2_411/ide/tools/bin/../lib/gcc/arm-none-eabi/5.4.1/../../../../arm-none-eabi/lib/armv6-m\libc.a(lib_a-memcpy-stub.o)
 .ARM.attributes
                0x0000019c       0x2c c:/nxp/mcuxpressoide_10.0.2_411/ide/tools/bin/../lib/gcc/arm-none-eabi/5.4.1/../../../../arm-none-eabi/lib/armv6-m\libc.a(lib_a-__call_atexit.o)
 .ARM.attributes
                0x000001c8       0x2c c:/nxp/mcuxpressoide_10.0.2_411/ide/tools/bin/../lib/gcc/arm-none-eabi/5.4.1/../../../../arm-none-eabi/lib/armv6-m\libc.a(lib_a-atexit.o)
 .ARM.attributes
                0x000001f4       0x2c c:/nxp/mcuxpressoide_10.0.2_411/ide/tools/bin/../lib/gcc/arm-none-eabi/5.4.1/../../../../arm-none-eabi/lib/armv6-m\libc.a(lib_a-fini.o)
 .ARM.attributes
                0x00000220       0x2c c:/nxp/mcuxpressoide_10.0.2_411/ide/tools/bin/../lib/gcc/arm-none-eabi/5.4.1/../../../../arm-none-eabi/lib/armv6-m\libc.a(lib_a-__atexit.o)
 .ARM.attributes
                0x0000024c       0x1e c:/nxp/mcuxpressoide_10.0.2_411/ide/tools/bin/../lib/gcc/arm-none-eabi/5.4.1/armv6-m/crtn.o
OUTPUT(Tiger-KW41Z-bootloader.axf elf32-littlearm)

.debug_info     0x00000000     0x23ba
 .debug_info    0x00000000      0x8d5 ./source/drivers/spi/SPI.o
 .debug_info    0x000008d5      0xa00 ./source/drivers/flash/flash_boot_kinetis.o
 .debug_info    0x000012d5      0x3d7 ./source/drivers/eeprom/Eeprom_Boot_AT45DB041E.o
 .debug_info    0x000016ac      0x280 ./source/OtapBootloader.o
 .debug_info    0x0000192c      0xa8e ./source/main.o

.debug_abbrev   0x00000000      0x98b
 .debug_abbrev  0x00000000      0x21a ./source/drivers/spi/SPI.o
 .debug_abbrev  0x0000021a      0x20e ./source/drivers/flash/flash_boot_kinetis.o
 .debug_abbrev  0x00000428      0x190 ./source/drivers/eeprom/Eeprom_Boot_AT45DB041E.o
 .debug_abbrev  0x000005b8      0x15d ./source/OtapBootloader.o
 .debug_abbrev  0x00000715      0x276 ./source/main.o

.debug_aranges  0x00000000      0x1f0
 .debug_aranges
                0x00000000       0x50 ./source/drivers/spi/SPI.o
 .debug_aranges
                0x00000050       0x88 ./source/drivers/flash/flash_boot_kinetis.o
 .debug_aranges
                0x000000d8       0x58 ./source/drivers/eeprom/Eeprom_Boot_AT45DB041E.o
 .debug_aranges
                0x00000130       0x40 ./source/OtapBootloader.o
 .debug_aranges
                0x00000170       0x80 ./source/main.o

.debug_ranges   0x00000000      0x1a0
 .debug_ranges  0x00000000       0x40 ./source/drivers/spi/SPI.o
 .debug_ranges  0x00000040       0x78 ./source/drivers/flash/flash_boot_kinetis.o
 .debug_ranges  0x000000b8       0x48 ./source/drivers/eeprom/Eeprom_Boot_AT45DB041E.o
 .debug_ranges  0x00000100       0x30 ./source/OtapBootloader.o
 .debug_ranges  0x00000130       0x70 ./source/main.o

.debug_line     0x00000000      0xa9c
 .debug_line    0x00000000      0x1e5 ./source/drivers/spi/SPI.o
 .debug_line    0x000001e5      0x2ef ./source/drivers/flash/flash_boot_kinetis.o
 .debug_line    0x000004d4      0x20a ./source/drivers/eeprom/Eeprom_Boot_AT45DB041E.o
 .debug_line    0x000006de      0x16c ./source/OtapBootloader.o
 .debug_line    0x0000084a      0x252 ./source/main.o

.debug_str      0x00000000     0x1047
 .debug_str     0x00000000      0x71e ./source/drivers/spi/SPI.o
                                0x782 (size before relaxing)
 .debug_str     0x0000071e      0x3f1 ./source/drivers/flash/flash_boot_kinetis.o
                                0x666 (size before relaxing)
 .debug_str     0x00000b0f      0x11b ./source/drivers/eeprom/Eeprom_Boot_AT45DB041E.o
                                0x43d (size before relaxing)
 .debug_str     0x00000c2a      0x15a ./source/OtapBootloader.o
                                0x30d (size before relaxing)
 .debug_str     0x00000d84      0x2c3 ./source/main.o
                                0x753 (size before relaxing)

.comment        0x00000000       0x6e
 .comment       0x00000000       0x6e ./source/drivers/spi/SPI.o
                                 0x6f (size before relaxing)
 .comment       0x0000006e       0x6f ./source/drivers/flash/flash_boot_kinetis.o
 .comment       0x0000006e       0x6f ./source/drivers/eeprom/Eeprom_Boot_AT45DB041E.o
 .comment       0x0000006e       0x6f ./source/OtapBootloader.o
 .comment       0x0000006e       0x6f ./source/main.o

.debug_frame    0x00000000      0x70c
 .debug_frame   0x00000000       0xec ./source/drivers/spi/SPI.o
 .debug_frame   0x000000ec      0x1c8 ./source/drivers/flash/flash_boot_kinetis.o
 .debug_frame   0x000002b4      0x10c ./source/drivers/eeprom/Eeprom_Boot_AT45DB041E.o
 .debug_frame   0x000003c0       0xa4 ./source/OtapBootloader.o
 .debug_frame   0x00000464      0x198 ./source/main.o
 .debug_frame   0x000005fc       0x2c c:/nxp/mcuxpressoide_10.0.2_411/ide/tools/bin/../lib/gcc/arm-none-eabi/5.4.1/../../../../arm-none-eabi/lib/armv6-m\libc.a(lib_a-memcpy-stub.o)
 .debug_frame   0x00000628       0x54 c:/nxp/mcuxpressoide_10.0.2_411/ide/tools/bin/../lib/gcc/arm-none-eabi/5.4.1/../../../../arm-none-eabi/lib/armv6-m\libc.a(lib_a-__call_atexit.o)
 .debug_frame   0x0000067c       0x28 c:/nxp/mcuxpressoide_10.0.2_411/ide/tools/bin/../lib/gcc/arm-none-eabi/5.4.1/../../../../arm-none-eabi/lib/armv6-m\libc.a(lib_a-atexit.o)
 .debug_frame   0x000006a4       0x2c c:/nxp/mcuxpressoide_10.0.2_411/ide/tools/bin/../lib/gcc/arm-none-eabi/5.4.1/../../../../arm-none-eabi/lib/armv6-m\libc.a(lib_a-fini.o)
 .debug_frame   0x000006d0       0x3c c:/nxp/mcuxpressoide_10.0.2_411/ide/tools/bin/../lib/gcc/arm-none-eabi/5.4.1/../../../../arm-none-eabi/lib/armv6-m\libc.a(lib_a-__atexit.o)
